// Jest Snapshot v1, https://jestjs.io/docs/snapshot-testing

exports[`Map Component renders correctly 1`] = `
<View
  provider="google"
  style={
    [
      {
        "bottom": 0,
        "left": 0,
        "position": "absolute",
        "right": 0,
        "top": 0,
      },
      undefined,
    ]
  }
/>
`;
